// Vitest Snapshot v1, https://vitest.dev/guide/snapshot.html

exports[`Tag component > renders correctly - snapshot test 1`] = `
<DocumentFragment>
  <div
    class="yl-rounded-md yl-bg-transparent yl-text-base yl-text-primary last:yl-mr-0 hover:yl-border-border hover:yl-text-text"
  >
    <span>
      #example
    </span>
  </div>
</DocumentFragment>
`;
