// Vitest Snapshot v1, https://vitest.dev/guide/snapshot.html

exports[`DomainInput component > matches snapshot 1`] = `
<DocumentFragment>
  <div
    class="group yl-text-secondary"
  >
    <div
      class="yl-flex yl-w-full"
    >
      <span
        class="yl-min-w-max yl-border-2 yl-border-border yl-px-4 yl-py-2 yl-leading-5 yl-tracking-tighter selection:yl-text-secondary yl-rounded-tl-md yl-rounded-bl-md group-hover:yl-border-border"
        data-testid="domain"
      >
        example.com
      </span>
      <input
        class="yl-w-full yl-cursor-pointer yl-border-t-2 yl-border-b-2 yl-border-r-2 yl-border-border yl-bg-transparent yl-p-2 transition-colors focus:yl-border-border focus:yl-outline-none focus:yl-ring-transparent yl-rounded-tr-md yl-rounded-br-md group-hover:yl-border-border"
        data-testid="input"
        name="domainInput"
        value="test"
      />
    </div>
  </div>
</DocumentFragment>
`;
