// Vitest Snapshot v1, https://vitest.dev/guide/snapshot.html

exports[`AuthorCard component > renders correctly 1`] = `
<DocumentFragment>
  <div
    class="border-border rounded-lg border-2 p-6"
  >
    <div
      class="flex flex-col items-center gap-4 md:flex-row"
    >
      <div
        class="hidden md:block"
      >
        <div
          class="sm:mt-0 rounded-full overflow-hidden flex items-center justify-center flex-shrink-0"
          style="width: 75px; height: 75px;"
        >
          <img
            alt="John Doe"
            class="bg-background h-full w-full object-cover object-center"
            loading="lazy"
            src="https://avatars.githubusercontent.com/u/2085263?v=4"
          />
        </div>
      </div>
      <div>
        <h3
          class="text-xl sm:text-2xl md:text-3xl text-text break-words font-bold"
        >
          John Doe
        </h3>
        <p
          class="text-text break-words overflow-hidden"
        >
          An expert in the field.
        </p>
      </div>
    </div>
  </div>
</DocumentFragment>
`;
