// Vitest Snapshot v1, https://vitest.dev/guide/snapshot.html

exports[`Accordion component > renders correctly 1`] = `
<DocumentFragment>
  <section
    class=""
  >
    <div
      class="yl:border-2 yl:border-border yl:border-b-0 yl:rounded-tl-md yl:rounded-tr-md"
      role="presentation"
    >
      <h3
        aria-expanded="true"
        class="yl:relative yl:flex yl:cursor-default yl:select-none yl:items-center yl:font-semibold yl:capitalize yl:p-4 yl:bg-text/5 yl:cursor-pointer yl:text-text"
        role="button"
        tabindex="0"
      >
        <div
          class="yl:flex yl:flex-col yl:gap-1 yl:overflow-hidden yl:text-ellipsis yl:whitespace-nowrap yl:text-base"
        >
          <div
            class="yl:absolute yl:right-2 yl:w-6 yl:cursor-pointer yl:fill-primary yl:hover:fill-primary"
            data-icon="IconExpandLess"
            data-testid="icon-expand-less"
          >
            [Icon: IconExpandLess]
          </div>
          Section 1
          <p
            class="yl:text-text yl:break-words yl:overflow-hidden yl:text-xs yl:text-text/70"
          >
            Description 1
          </p>
        </div>
      </h3>
      <ul
        class="yl:relative yl:text-text yl:gap-4 yl:flex yl:flex-col yl:py-4"
      >
        <li
          class="yl:relative yl:flex yl:items-center yl:cursor-default hover:text-text break-words leading-normal yl:px-4 yl:cursor-pointer yl:text-text"
        >
          Item A
        </li>
        <li
          class="yl:relative yl:flex yl:items-center yl:cursor-default hover:text-text break-words leading-normal yl:px-4 yl:cursor-pointer yl:text-text"
        >
          Item B
        </li>
      </ul>
    </div>
    <div
      class="yl:border-2 yl:border-border yl:rounded-bl-md yl:rounded-br-md"
      role="presentation"
    >
      <h3
        aria-expanded="false"
        class="yl:relative yl:flex yl:cursor-default yl:select-none yl:items-center yl:font-semibold yl:capitalize yl:p-4 yl:cursor-pointer yl:text-text"
        role="button"
        tabindex="0"
      >
        <div
          class="yl:flex yl:flex-col yl:gap-1 yl:overflow-hidden yl:text-ellipsis yl:whitespace-nowrap yl:text-base"
        >
          <div
            class="yl:absolute yl:right-2 yl:w-6 yl:cursor-pointer yl:fill-primary yl:hover:fill-primary"
            data-icon="IconExpandMore"
            data-testid="icon-expand-more"
          >
            [Icon: IconExpandMore]
          </div>
          Section 2
          <p
            class="yl:text-text yl:break-words yl:overflow-hidden yl:text-xs yl:text-text/70"
          >
            Description 2
          </p>
        </div>
      </h3>
    </div>
  </section>
</DocumentFragment>
`;
