// Vitest Snapshot v1, https://vitest.dev/guide/snapshot.html

exports[`Alert component > renders correctly with children 1`] = `
<DocumentFragment>
  <div
    class="yl-flex yl-min-h-screen yl-max-w-screen-sm yl-items-center yl-justify-center"
  >
    <div
      class="yl-bg-gradient-to-r yl-p[1px] from-green-400 via-green-500 to-green-900 text-green-500"
    >
      <div
        class="back yl-flex yl-h-full yl-w-full yl-items-center yl-justify-center yl-bg-background yl-p-4"
      >
        <span>
          Success Message
        </span>
      </div>
    </div>
  </div>
</DocumentFragment>
`;
