// Vitest Snapshot v1, https://vitest.dev/guide/snapshot.html

exports[`Badge component > renders correctly - snapshot test 1`] = `
<DocumentFragment>
  <span
    class="yl:rounded yl:border yl:border-border yl:px-1 yl:pb-[2px] yl:pt-[1px] yl:text-[10px] yl:text-text"
  >
    Test Badge
  </span>
</DocumentFragment>
`;
